2020/07/07 19:40:24 web.go:40: 将日志写入文件
2020/07/07 19:42:39 web.go:40: 将日志写入文件
2020/07/07 19:45:16 web.go:40: 将日志写入文件
2020/07/07 19:47:01 web.go:40: 将日志写入文件
2020/07/07 19:48:20 web.go:40: 将日志写入文件
2020/07/07 20:11:05 web.go:40: 将日志写入文件
2020/07/07 20:15:21 web.go:40: 将日志写入文件
2020/07/08 10:25:24 web.go:40: 将日志写入文件
2020/07/08 10:31:21 web.go:40: 将日志写入文件
2020/07/08 10:34:54 web.go:40: 将日志写入文件
2020/07/08 10:38:00 web.go:40: 将日志写入文件
2020/07/08 10:45:28 web.go:40: 将日志写入文件
2020/07/08 10:57:06 web.go:40: 将日志写入文件
